// Jest Snapshot v1, https://goo.gl/fbAQLP

exports[`test <NavigationMenu> should render correctly 1`] = `"<nav class=\\"bg-gray-700\\"><div class=\\"container-body\\"><div class=\\"relative flex items-center justify-between h-16\\"><div class=\\"absolute inset-y-0 left-0 flex items-center sm:hidden\\"><button class=\\"inline-flex items-center justify-center p-2 rounded-md text-gray-400 hover:text-white hover:bg-gray-700 focus:outline-none focus:ring-2 focus:ring-inset focus:ring-white\\" aria-expanded=\\"false\\" role=\\"mobile-toggle\\"><span class=\\"sr-only\\">Open main menu</span><svg class=\\"block h-6 w-6\\" xmlns=\\"http://www.w3.org/2000/svg\\" fill=\\"none\\" viewBox=\\"0 0 24 24\\" stroke=\\"currentColor\\" aria-hidden=\\"true\\"><path stroke-linecap=\\"round\\" stroke-linejoin=\\"round\\" stroke-width=\\"2\\" d=\\"M4 6h16M4 12h16M4 18h16\\"></path></svg><svg class=\\"hidden h-6 w-6\\" xmlns=\\"http://www.w3.org/2000/svg\\" fill=\\"none\\" viewBox=\\"0 0 24 24\\" stroke=\\"currentColor\\" aria-hidden=\\"true\\"><path stroke-linecap=\\"round\\" stroke-linejoin=\\"round\\" stroke-width=\\"2\\" d=\\"M6 18L18 6M6 6l12 12\\"></path></svg></button></div><div class=\\"flex-1 flex items-center justify-center sm:items-stretch sm:justify-start\\"><div class=\\"flex-shrink-0 flex items-center\\"><div class=\\"font-bold text-white\\" style=\\"border-top: 3px solid white; border-bottom: 3px solid white;\\">Ping Cheng</div></div><div class=\\"hidden sm:block sm:ml-6\\"><div class=\\"flex space-x-4\\"><a aria-current=\\"page\\" class=\\"nav-item desktop-nav-item active\\" href=\\"/\\">Home</a><a class=\\"nav-item desktop-nav-item\\" href=\\"/posts\\">Posts</a><a class=\\"nav-item desktop-nav-item\\" href=\\"/portfolio\\">Portfolio</a><a class=\\"nav-item desktop-nav-item\\" href=\\"/about\\">About me</a></div></div></div></div></div><div class=\\"sm:hidden hidden\\" role=\\"mobile-nav-menu\\"><div class=\\"px-2 pt-2 pb-3 space-y-1\\"><a aria-current=\\"page\\" class=\\"nav-item mobile-nav-item active\\" href=\\"/\\">Home</a><a class=\\"nav-item mobile-nav-item\\" href=\\"/posts\\">Posts</a><a class=\\"nav-item mobile-nav-item\\" href=\\"/portfolio\\">Portfolio</a><a class=\\"nav-item mobile-nav-item\\" href=\\"/about\\">About me</a></div></div></nav>"`;
