// Jest Snapshot v1, https://goo.gl/fbAQLP

exports[`test <SimpleRowData /> should render correctly 1`] = `"<div class=\\"flex mb-4\\"><div class=\\"text-gray-400 w-1/3 text-right pr-2\\" style=\\"min-width: 33.33333%;\\">LABEL</div><div class=\\"flex-1 pl-2\\"></div></div>"`;
