// Jest Snapshot v1, https://goo.gl/fbAQLP

exports[`test <Heading /> should render correctly 1`] = `"<div><h1 class=\\"mb-8 \\" style=\\"text-align: left;\\" role=\\"heading\\"><div>Title</div><div class=\\"text-sm text-gray-500\\">Sub-title</div></h1></div>"`;
